Usage: tg [profile] [options] <command>

A personal Telegram account from the command line, for agents and scripts

The first word is the profile whenever it is not a command — `tg personal chats
list`.
`TG_PROFILE` says the same thing for a whole shell session; without either it is
`default`.

Options:
  -V, --version               output the version number
  -v, --verbose               more detail in what is shown: -v ids, -vv
                              everything we know
  --json                      machine-readable output: one JSON value on stdout,
                              nothing else
  --agent-json                JSON for AI agents: invisible controls are
                              visible; ordinary --json preserves text
  --jsonl                     machine-readable output: one JSON object per line,
                              for streaming and jq
  --quiet                     diagnostics off; a failure is still said
  --trace                     the connection's own log lines on stderr — never
                              message content
  --timeout <duration>        give up on the whole command after this — 30s, 2m,
                              500ms
  --offline                   answer from what was recorded and never connect;
                              fails if nothing was
  --no-input                  never prompt or open interactive login; piped
                              input remains available
  --max-input-bytes <bytes>   maximum buffered input bytes (default: 16777216)
  --max-output-bytes <bytes>  maximum machine output bytes (default: 4194304; 0
                              disables)
  --fields <paths>            comma-separated item or object fields: id,text;
                              preserve pagination and operation ids
  --dry-run                   preview parsed arguments and permissions before
                              running the action
  --yes                       go ahead without the question an ask level puts
                              before a write
  --record                    keep this run — ids and timings, never message
                              content
  --no-record                 do not keep it, whatever the configuration says
  -h, --help                  display help for command

Commands:
  session                     log this profile in to Telegram, or out
  setup [options]             set up Telegram and connect your agent
  account                     the logged-in account
  chats                       the account's chats
  contacts                    people this account has a one-to-one chat with
  messages                    read and send messages
  reactions                   react to messages
  polls                       read a poll, vote in it, close your own, create
                              one
  models                      models that run on this machine
  inbox [options]             other people's unread messages in every chat;
                              --new for what arrived since the last check
  review [options]            every message, yours too, in chats that changed
                              since a point — for reviewing who owes what
  topics                      the topics of a forum group
  watch [options]             print new messages as they arrive, until Ctrl-C or
                              --timeout (either ends it normally)
  serve                       keep the local store current until stopped — what
                              a systemd or launchd unit runs
  server                      `tg serve` in the background: start, stop,
                              restart, status, logs; install adds a systemd or
                              launchd unit
  store                       the local store of messages
  conversations               the conversations inside a chat, found in the
                              stored messages by replies, mentions and who wrote
                              next
  attachments                 the files of stored messages: their text in the
                              local store, for content: in a search
  tags                        your own labels on chats, people and messages,
                              kept in the local store and never sent; tag: in a
                              search finds them
  metadata                    cached group/channel descriptions for local
                              automatic tags
  stats                       statistics about messages, chats and their authors
  tasks                       what waits on you — unanswered questions,
                              mentions, requests, promises — kept in the local
                              store; review and serve add them
  search                      find things by text: one resource when you know it
                              (mail, messages, notes), or search all across
                              messages, mail and notes
  searches                    saved searches and the history of search messages
                              and stats messages show, kept in the local store;
                              --saved runs one
  flood                       the waits Telegram asked this profile to keep, and
                              a hold on its writes
  replies                     rules that answer messages for you, kept in a file
                              of this profile
  recipients                  the chats this profile may send to, when the list
                              is on
  sends                       every attempt to send from this profile — never
                              the text
  runs                        recorded runs — what this tool did, and when
  config                      the settings in force, and where each one came
                              from
  doctor [options]            the state this installation is in, without
                              connecting unless --online
  commands [path...]          commands, options and exit codes as JSON — inspect
                              one command path per call
  complete [words...]         shell completion: `tg complete zsh` prints the
                              script to source
  upgrade [options]           upgrade tg with the package manager that installed
                              it; --check only looks
  mcp [options]               serve this profile to an agent over MCP, on stdin
                              and stdout — `claude mcp add tg -- tg mcp`
  bot                         a Telegram bot, through the official Bot API and a
                              bot token — not your personal account
  skill                       the instructions an agent is given for this tool
  help [command]              display help for command

Getting started after installation:
  tg setup                    Guided first run; allow about 5 minutes
  tg setup --agent codex      Log in and install your agent's skill
  tg setup --help             Login choices, examples and Windows instructions

For agents:
  tg skill show               Read the bundled instructions before using Telegram
  tg commands --json          Discover commands, arguments and flags

Setup checks five chats. Choose a chat before downloading its history.

